{
  "app_user_id" : "abc123",
  "fetch_token" : "YW4gYXdlc29tZSByZWNlaXB0",
  "is_restore" : false,
  "observer_mode" : false
}