{
  "attributes" : {
    "a key" : {
      "updated_at_ms" : 1678307200000,
      "value" : "a value"
    },
    "another key" : {
      "updated_at_ms" : 1678307200000,
      "value" : "another value"
    }
  }
}