{
  "app_user_id" : "abc123",
  "attributes" : {
    "a key" : {
      "updated_at_ms" : 1678307200000,
      "value" : "a value"
    },
    "another key" : {
      "updated_at_ms" : 1678307200000,
      "value" : "another value"
    }
  },
  "fetch_token" : "YW4gYXdlc29tZSByZWNlaXB0",
  "is_restore" : false,
  "observer_mode" : false
}